// Jest Snapshot v1, https://goo.gl/fbAQLP

exports[`renders App depending on axios result renders learn react link 1`] = `
<div>
  <AppNavBar />
  <styled.section>
    <styled.section>
      <WithStyles(ForwardRef(CircularProgress)) />
    </styled.section>
  </styled.section>
</div>
`;
